exports[`Rest.Item should render a Form component 1`] = `<p />`;
