// Jest Snapshot v1, https://goo.gl/fbAQLP

exports[`Footer (supplied Layout) should match the (default) snapshot 1`] = `
<footer
  role="contentinfo"
>
  <p>
    Pages generated by
    <a
      className="link--plain"
      href="https://GitHub.com/luxui"
    >
      Luxui
    </a>
  </p>
</footer>
`;
