exports[`Layout (supplied Layout) should render an Error page 1`] = `
<div
  className="page">
  <div
    id="bannerSkip">
    <p>
      <a
        className="link--plain"
        href="#maincontent"
        title="Skip to main content">
        attrs.title
      </a>
    </p>
  </div>
  <header
    className="main-header"
    role="banner">
    <h1>
      <a
        className="link--heroOrSomething"
        href="/">
        Home
      </a>
    </h1>
    <navigation
      id="mainnavigation"
      role="navigation">
      <ul>
        <li
          className="">
          <a
            className=""
            href="/"
            onClick={[Function]}
            title="Home">
            Home
          </a>
        </li>
      </ul>
    </navigation>
    <noscript />
  </header>
  <main
    className="body-divider pbl"
    id="maincontent"
    role="main" />
  <footer
    role="contentinfo">
    <p>
      Pages generated by
      <a
        className="link--plain"
        href="https://GitHub.com/luxui">
        Luxui
      </a>
      ENGINEERED to Amaze, by
      <a
        className="link--plain"
        href="http://quickenloans.com">
        Quicken Loans
      </a>
    </p>
  </footer>
</div>
`;
