exports[`Default layout - layout should match the snapshot 1`] = `
<div
  className="page">
  <header
    className="main-header"
    role="banner" />
  <main
    className="body-divider pbl"
    role="main">
    <p>
      Default Page Render
    </p>
  </main>
  <footer
    role="contentinfo">
    <p>
      Â© 
      2016
       
      <a
        className="link--plain"
        href="http://quickenloans.com">
        Quicken Loans
      </a>
    </p>
     
  </footer>
</div>
`;
